 
 gcc -g p2original.c
 gdb a.out
GNU gdb (Ubuntu 8.1.1-0ubuntu1) 8.1.1
Copyright (C) 2018 Free Software Foundation, Inc.
License GPLv3+: GNU GPL version 3 or later <http://gnu.org/licenses/gpl.html>
This is free software: you are free to change and redistribute it.
There is NO WARRANTY, to the extent permitted by law.  Type "show copying"
and "show warranty" for details.
This GDB was configured as "x86_64-linux-gnu".
Type "show configuration" for configuration details.
For bug reporting instructions, please see:
<http://www.gnu.org/software/gdb/bugs/>.
Find the GDB manual and other documentation resources online at:
<http://www.gnu.org/software/gdb/documentation/>.
For help, type "help".
Type "apropos word" to search for commands related to "word"...
Reading symbols from a.out...done.
(gdb) b main
Breakpoint 1 at 0x722: file p2original.c, line 3.
(gdb) r
Starting program: /home/runner/pps-IA1-practice/a.out 
warning: Error disabling address space randomization: Operation not permitted

Breakpoint 1, main () at p2original.c:3
3   {
(gdb) n
5     printf("enter the value of a,b,c");
(gdb) n
6     scanf("%d%d%d", &a,&b,&c);
(gdb) n
enter the value of a,b,cn
7     if(a>b)
(gdb) n
11    else if (b>a && b>c)
(gdb) n
15    else if(c>a && c>b)
(gdb) n
17      big =c;
(gdb) n
19    printf("the biggest number = %d",big);
(gdb) n
20  }(gdb) n
__libc_start_main (main=0x5581e060071a <main>, argc=1, argv=0x7fff34014348, 
    init=<optimized out>, fini=<optimized out>, rtld_fini=<optimized out>, 
    stack_end=0x7fff34014338) at ../csu/libc-start.c:344
344 ../csu/libc-start.c: No such file or directory.
(gdb) n
the biggest number = 872497984[Inferior 1 (process 267) exited normally]
(gdb) n
The program is not being run.
(gdb) n
The program is not being run.
(gdb) n
The program is not being run.
(gdb) n
The program is not being run.
(gdb) n
 
 gcc -g p2original.c
 gdb a.out
GNU gdb (Ubuntu 8.1.1-0ubuntu1) 8.1.1
Copyright (C) 2018 Free Software Foundation, Inc.
License GPLv3+: GNU GPL version 3 or later <http://gnu.org/licenses/gpl.html>
This is free software: you are free to change and redistribute it.
There is NO WARRANTY, to the extent permitted by law.  Type "show copying"
and "show warranty" for details.
This GDB was configured as "x86_64-linux-gnu".
Type "show configuration" for configuration details.
For bug reporting instructions, please see:
<http://www.gnu.org/software/gdb/bugs/>.
Find the GDB manual and other documentation resources online at:
<http://www.gnu.org/software/gdb/documentation/>.
For help, type "help".
Type "apropos word" to search for commands related to "word"...
Reading symbols from a.out...done.
(gdb) b main
Breakpoint 1 at 0x82c: file p2original.c, line 21.
(gdb) r
Starting program: /home/runner/pps-IA1-practice/a.out 
warning: Error disabling address space randomization: Operation not permitted
n
Breakpoint 1, main () at p2original.c:21
21  {
(gdb) n
23    input(&x,&y,&z);
(gdb) n
enter 3 numbers
n
24    cmp(x,y,z,&big);
(gdb) n
25    output(big);
(gdb) n
26    return 0;
(gdb) q
A debugging session is active.

    Inferior 1 [process 282] will be killed.

Quit anyway? (y or n) y
 